<?xml version="1.0" encoding="UTF-8"?>
<testsuites name="Mocha Tests" time="10.211" tests="5" failures="1">
  <testsuite name="Root Suite" timestamp="2020-05-16T02:26:42" tests="0" file="test\cypress\integration\Results.spec.js" failures="0" time="0">
  </testsuite>
  <testsuite name="Winning Numbers Results" timestamp="2020-05-16T02:26:42" tests="0" failures="0" time="0">
  </testsuite>
  <testsuite name="Large Resolution" timestamp="2020-05-16T02:26:42" tests="4" failures="1" time="7.866">
    <testcase name="Winning Numbers Results Large Resolution should check if results page and its components loads" time="0" classname="should check if results page and its components loads">
      <failure message="Timed out retrying: Expected to find element: `[data-testid=&quot;loading&quot;]`, but never found it." type="AssertionError"><![CDATA[AssertionError: Timed out retrying: Expected to find element: `[data-testid="loading"]`, but never found it.
    at ensureExistence (http://localhost:3000/__cypress/runner/cypress_runner.js:137673:32)
    at Object.ensureElExistence (http://localhost:3000/__cypress/runner/cypress_runner.js:137691:12)
    at ensureExistence (http://localhost:3000/__cypress/runner/cypress_runner.js:127867:23)
    at onFailFn (http://localhost:3000/__cypress/runner/cypress_runner.js:127905:9)
    at tryCatcher (http://localhost:3000/__cypress/runner/cypress_runner.js:9065:23)
    at Promise._settlePromiseFromHandler (http://localhost:3000/__cypress/runner/cypress_runner.js:7000:31)
    at Promise._settlePromise (http://localhost:3000/__cypress/runner/cypress_runner.js:7057:18)
    at Promise._settlePromise0 (http://localhost:3000/__cypress/runner/cypress_runner.js:7102:10)
    at Promise._settlePromises (http://localhost:3000/__cypress/runner/cypress_runner.js:7178:18)
    at _drainQueueStep (http://localhost:3000/__cypress/runner/cypress_runner.js:3772:12)
    at _drainQueue (http://localhost:3000/__cypress/runner/cypress_runner.js:3765:9)
    at Async.../../node_modules/bluebird/js/release/async.js.Async._drainQueues (http://localhost:3000/__cypress/runner/cypress_runner.js:3781:5)
    at Async.drainQueues (http://localhost:3000/__cypress/runner/cypress_runner.js:3651:14)]]></failure>
    </testcase>
    <testcase name="Winning Numbers Results Large Resolution should check if results numbers component" time="3.185" classname="should check if results numbers component">
    </testcase>
    <testcase name="Winning Numbers Results Large Resolution should check if results info component" time="2.302" classname="should check if results info component">
    </testcase>
    <testcase name="Winning Numbers Results Large Resolution should check if results table component" time="2.379" classname="should check if results table component">
    </testcase>
  </testsuite>
  <testsuite name="Mobile Resolution" timestamp="2020-05-16T02:27:54" tests="1" failures="0" time="2.345">
    <testcase name="Winning Numbers Results Mobile Resolution should check that table data thead is not visible" time="2.345" classname="should check that table data thead is not visible">
    </testcase>
  </testsuite>
</testsuites>